// Jest Snapshot v1, https://goo.gl/fbAQLP

exports[`should render with callback functions 1`] = `
<li
  className="list-item"
/>
`;

exports[`should render with className 1`] = `
<li
  className="list-item textClass"
/>
`;

exports[`should render with content 1`] = `
<li
  className="list-item"
>
  <p>
    text
  </p>
</li>
`;

exports[`should render with hasChevron 1`] = `
<li
  className="list-item item-has-chevron"
>
  <div
    className="item-fill"
    key="item-fill"
  />
  <div
    className="item-end"
    key="item-end"
  >
    <span
      className="chevron"
    >
      <IconChevronRight
        className=""
        data-name="Layer 1"
        height="0.8em"
        isBidi={true}
        viewBox="0 0 48 48"
        width="0.8em"
        xmlns="http://www.w3.org/2000/svg"
      />
    </span>
  </div>
</li>
`;

exports[`should render with isDivided 1`] = `
<li
  className="list-item divided"
/>
`;

exports[`should render with isSelectable 1`] = `
<li
  aria-selected={false}
  className="list-item is-selectable"
  data-item-show-focus="true"
  onBlur={[Function]}
  onMouseDown={[Function]}
  role="option"
  tabIndex="0"
/>
`;

exports[`should render with selected 1`] = `
<li
  className="list-item selected"
/>
`;
